{"label":"AUTH","level":"info","message":"⚡ DevForge API Listening on port 5000","timestamp":"2026-04-07 19:52:34"}
{"label":"AUTH","level":"info","message":"GET / 404 27 - 4.795 ms","timestamp":"2026-04-07 19:52:59"}
{"label":"AUTH","level":"info","message":"GET /favicon.ico 404 27 - 0.765 ms","timestamp":"2026-04-07 19:52:59"}
{"label":"AUTH","level":"info","message":"GET / 404 27 - 0.386 ms","timestamp":"2026-04-07 19:53:20"}
{"label":"AUTH","level":"info","message":"⚡ DevForge API Listening on port 5000","timestamp":"2026-04-07 19:55:46"}
{"label":"AUTH","level":"info","message":"GET / 404 27 - 3.005 ms","timestamp":"2026-04-07 19:55:57"}
{"label":"AUTH","level":"error","message":"[Unhandled Error] Not allowed by CORS","path":"/api/auth/signup","stack":"Error: Not allowed by CORS\n    at origin (F:\\PROJECTS\\2026\\GIT\\DevForge\\backend\\src\\index.ts:94:16)\n    at F:\\PROJECTS\\2026\\GIT\\DevForge\\backend\\node_modules\\cors\\lib\\index.js:219:13\n    at optionsCallback (F:\\PROJECTS\\2026\\GIT\\DevForge\\backend\\node_modules\\cors\\lib\\index.js:199:9)\n    at corsMiddleware (F:\\PROJECTS\\2026\\GIT\\DevForge\\backend\\node_modules\\cors\\lib\\index.js:204:7)\n    at Layer.handleRequest (F:\\PROJECTS\\2026\\GIT\\DevForge\\backend\\node_modules\\router\\lib\\layer.js:152:17)\n    at trimPrefix (F:\\PROJECTS\\2026\\GIT\\DevForge\\backend\\node_modules\\router\\index.js:342:13)\n    at F:\\PROJECTS\\2026\\GIT\\DevForge\\backend\\node_modules\\router\\index.js:297:9\n    at processParams (F:\\PROJECTS\\2026\\GIT\\DevForge\\backend\\node_modules\\router\\index.js:582:12)\n    at next (F:\\PROJECTS\\2026\\GIT\\DevForge\\backend\\node_modules\\router\\index.js:291:5)\n    at F:\\PROJECTS\\2026\\GIT\\DevForge\\backend\\node_modules\\express-rate-limit\\dist\\index.cjs:958:7","timestamp":"2026-04-07 19:56:29"}
{"label":"AUTH","level":"info","message":"OPTIONS /api/auth/signup 500 63 - 10.935 ms","timestamp":"2026-04-07 19:56:29"}
{"label":"AUTH","level":"error","message":"[Unhandled Error] Not allowed by CORS","path":"/api/auth/signup","stack":"Error: Not allowed by CORS\n    at origin (F:\\PROJECTS\\2026\\GIT\\DevForge\\backend\\src\\index.ts:94:16)\n    at F:\\PROJECTS\\2026\\GIT\\DevForge\\backend\\node_modules\\cors\\lib\\index.js:219:13\n    at optionsCallback (F:\\PROJECTS\\2026\\GIT\\DevForge\\backend\\node_modules\\cors\\lib\\index.js:199:9)\n    at corsMiddleware (F:\\PROJECTS\\2026\\GIT\\DevForge\\backend\\node_modules\\cors\\lib\\index.js:204:7)\n    at Layer.handleRequest (F:\\PROJECTS\\2026\\GIT\\DevForge\\backend\\node_modules\\router\\lib\\layer.js:152:17)\n    at trimPrefix (F:\\PROJECTS\\2026\\GIT\\DevForge\\backend\\node_modules\\router\\index.js:342:13)\n    at F:\\PROJECTS\\2026\\GIT\\DevForge\\backend\\node_modules\\router\\index.js:297:9\n    at processParams (F:\\PROJECTS\\2026\\GIT\\DevForge\\backend\\node_modules\\router\\index.js:582:12)\n    at next (F:\\PROJECTS\\2026\\GIT\\DevForge\\backend\\node_modules\\router\\index.js:291:5)\n    at F:\\PROJECTS\\2026\\GIT\\DevForge\\backend\\node_modules\\express-rate-limit\\dist\\index.cjs:958:7","timestamp":"2026-04-07 19:57:35"}
{"label":"AUTH","level":"info","message":"OPTIONS /api/auth/signup 500 63 - 2.568 ms","timestamp":"2026-04-07 19:57:35"}
{"label":"AUTH","level":"error","message":"[Unhandled Error] Not allowed by CORS","path":"/api/auth/login","stack":"Error: Not allowed by CORS\n    at origin (F:\\PROJECTS\\2026\\GIT\\DevForge\\backend\\src\\index.ts:94:16)\n    at F:\\PROJECTS\\2026\\GIT\\DevForge\\backend\\node_modules\\cors\\lib\\index.js:219:13\n    at optionsCallback (F:\\PROJECTS\\2026\\GIT\\DevForge\\backend\\node_modules\\cors\\lib\\index.js:199:9)\n    at corsMiddleware (F:\\PROJECTS\\2026\\GIT\\DevForge\\backend\\node_modules\\cors\\lib\\index.js:204:7)\n    at Layer.handleRequest (F:\\PROJECTS\\2026\\GIT\\DevForge\\backend\\node_modules\\router\\lib\\layer.js:152:17)\n    at trimPrefix (F:\\PROJECTS\\2026\\GIT\\DevForge\\backend\\node_modules\\router\\index.js:342:13)\n    at F:\\PROJECTS\\2026\\GIT\\DevForge\\backend\\node_modules\\router\\index.js:297:9\n    at processParams (F:\\PROJECTS\\2026\\GIT\\DevForge\\backend\\node_modules\\router\\index.js:582:12)\n    at next (F:\\PROJECTS\\2026\\GIT\\DevForge\\backend\\node_modules\\router\\index.js:291:5)\n    at F:\\PROJECTS\\2026\\GIT\\DevForge\\backend\\node_modules\\express-rate-limit\\dist\\index.cjs:958:7","timestamp":"2026-04-07 19:57:48"}
{"label":"AUTH","level":"info","message":"OPTIONS /api/auth/login 500 63 - 2.205 ms","timestamp":"2026-04-07 19:57:48"}
{"label":"AUTH","level":"info","message":"⚡ DevForge API Listening on port 5000","timestamp":"2026-04-07 19:58:09"}
{"label":"AUTH","level":"info","message":"GET / 404 27 - 3.492 ms","timestamp":"2026-04-07 19:58:13"}
{"label":"AUTH","level":"info","message":"GET / 404 27 - 0.705 ms","timestamp":"2026-04-07 19:58:13"}
{"label":"AUTH","level":"info","message":"OPTIONS /api/auth/signup 204 0 - 7.688 ms","timestamp":"2026-04-07 19:58:33"}
{"label":"AUTH","level":"info","message":{"details":"Signup failed: fetch failed","email":"shouryabansal45@gmail.com","label":"AUTH","status":"failure","timestamp":"2026-04-07T14:28:33.505Z"},"timestamp":"2026-04-07 19:58:33"}
{"label":"AUTH","level":"info","message":"POST /api/auth/signup 400 24 - 126.944 ms","timestamp":"2026-04-07 19:58:33"}
{"label":"AUTH","level":"info","message":"OPTIONS /api/auth/signup 204 0 - 0.745 ms","timestamp":"2026-04-07 19:59:17"}
{"label":"AUTH","level":"info","message":{"details":"Signup failed: fetch failed","email":"shouryabansal45@gmail.com","label":"AUTH","status":"failure","timestamp":"2026-04-07T14:29:17.422Z"},"timestamp":"2026-04-07 19:59:17"}
{"label":"AUTH","level":"info","message":"POST /api/auth/signup 400 24 - 47.243 ms","timestamp":"2026-04-07 19:59:17"}
{"label":"AUTH","level":"info","message":"⚡ DevForge API Listening on port 5000","timestamp":"2026-04-07 20:02:06"}
{"label":"AUTH","level":"info","message":"OPTIONS /api/auth/signup 204 0 - 9.331 ms","timestamp":"2026-04-07 20:02:21"}
{"label":"AUTH","level":"info","message":{"details":"User registered via proxied auth","email":"shouryabansal45@gmail.com","label":"AUTH","status":"success","timestamp":"2026-04-07T14:32:24.297Z"},"timestamp":"2026-04-07 20:02:24"}
{"label":"AUTH","level":"info","message":"POST /api/auth/signup 201 1056 - 2871.948 ms","timestamp":"2026-04-07 20:02:24"}
{"label":"AUTH","level":"info","message":"⚡ DevForge API Listening on port 5000","timestamp":"2026-04-07 20:04:00"}
{"label":"AUTH","level":"info","message":"OPTIONS /api/repos 204 0 - 7.044 ms","timestamp":"2026-04-07 20:05:07"}
{"label":"AUTH","level":"info","message":"OPTIONS /api/activity 204 0 - 0.609 ms","timestamp":"2026-04-07 20:05:07"}
{"label":"AUTH","level":"info","message":"OPTIONS /api/repos 204 0 - 0.404 ms","timestamp":"2026-04-07 20:05:07"}
{"label":"AUTH","level":"info","message":"OPTIONS /api/activity 204 0 - 0.394 ms","timestamp":"2026-04-07 20:05:07"}
{"label":"AUTH","level":"info","message":"GET /api/repos 500 40 - 1040.656 ms","timestamp":"2026-04-07 20:05:08"}
{"label":"AUTH","level":"info","message":"GET /api/activity 200 2 - 1064.214 ms","timestamp":"2026-04-07 20:05:08"}
{"label":"AUTH","level":"info","message":"GET /api/repos 500 40 - 385.706 ms","timestamp":"2026-04-07 20:05:08"}
{"label":"AUTH","level":"info","message":"GET /api/activity 304 - - 835.085 ms","timestamp":"2026-04-07 20:05:09"}
{"label":"AUTH","level":"info","message":"OPTIONS /api/repos 204 0 - 0.588 ms","timestamp":"2026-04-07 20:05:13"}
{"label":"AUTH","level":"info","message":"OPTIONS /api/repos 204 0 - 0.267 ms","timestamp":"2026-04-07 20:05:13"}
{"label":"AUTH","level":"info","message":"GET /api/repos 500 40 - 420.429 ms","timestamp":"2026-04-07 20:05:14"}
{"label":"AUTH","level":"info","message":"GET /api/repos 500 40 - 379.071 ms","timestamp":"2026-04-07 20:05:14"}
{"label":"AUTH","level":"info","message":"OPTIONS /api/pull-requests 204 0 - 0.350 ms","timestamp":"2026-04-07 20:05:14"}
{"label":"AUTH","level":"info","message":"OPTIONS /api/pull-requests 204 0 - 0.899 ms","timestamp":"2026-04-07 20:05:14"}
{"label":"AUTH","level":"info","message":"GET /api/pull-requests 500 41 - 414.106 ms","timestamp":"2026-04-07 20:05:15"}
{"label":"AUTH","level":"info","message":"OPTIONS /api/issues 204 0 - 0.574 ms","timestamp":"2026-04-07 20:05:15"}
{"label":"AUTH","level":"info","message":"OPTIONS /api/issues 204 0 - 0.284 ms","timestamp":"2026-04-07 20:05:15"}
{"label":"AUTH","level":"info","message":"GET /api/pull-requests 500 41 - 437.470 ms","timestamp":"2026-04-07 20:05:15"}
{"label":"AUTH","level":"info","message":"OPTIONS /api/gists 204 0 - 0.292 ms","timestamp":"2026-04-07 20:05:16"}
{"label":"AUTH","level":"info","message":"OPTIONS /api/gists 204 0 - 0.186 ms","timestamp":"2026-04-07 20:05:16"}
{"label":"AUTH","level":"info","message":"GET /api/issues 500 34 - 808.580 ms","timestamp":"2026-04-07 20:05:16"}
{"label":"AUTH","level":"info","message":"GET /api/gists 500 33 - 199.284 ms","timestamp":"2026-04-07 20:05:16"}
{"label":"AUTH","level":"info","message":"GET /api/gists 500 33 - 194.310 ms","timestamp":"2026-04-07 20:05:16"}
{"label":"AUTH","level":"info","message":"GET /api/issues 500 34 - 374.796 ms","timestamp":"2026-04-07 20:05:16"}
{"label":"AUTH","level":"info","message":"OPTIONS /api/repos/explore 204 0 - 0.279 ms","timestamp":"2026-04-07 20:05:17"}
{"label":"AUTH","level":"info","message":"OPTIONS /api/repos/explore 204 0 - 0.254 ms","timestamp":"2026-04-07 20:05:17"}
{"label":"AUTH","level":"info","message":"GET /api/repos/explore 500 40 - 177.034 ms","timestamp":"2026-04-07 20:05:17"}
{"label":"AUTH","level":"info","message":"GET /api/repos/explore 500 40 - 177.335 ms","timestamp":"2026-04-07 20:05:17"}
{"label":"AUTH","level":"info","message":"⚡ DevForge API Listening on port 5000","timestamp":"2026-04-07 20:15:43"}
{"label":"AUTH","level":"info","message":"⚡ DevForge API Listening on port 5000","timestamp":"2026-04-07 20:15:57"}
{"label":"AUTH","level":"info","message":"⚡ DevForge API Listening on port 5000","timestamp":"2026-04-07 20:16:14"}
{"label":"AUTH","level":"info","message":"⚡ DevForge API Listening on port 5000","timestamp":"2026-04-07 20:24:26"}
{"label":"AUTH","level":"info","message":"⚡ DevForge API Listening on port 5000","timestamp":"2026-04-07 20:24:35"}
{"label":"AUTH","level":"info","message":"⚡ DevForge API Listening on port 5000","timestamp":"2026-04-07 20:27:24"}
{"label":"AUTH","level":"info","message":"⚡ DevForge API Listening on port 5000","timestamp":"2026-04-07 20:39:00"}
{"label":"AUTH","level":"info","message":"⚡ DevForge API Listening on port 5000","timestamp":"2026-04-07 20:39:17"}
{"label":"AUTH","level":"info","message":"⚡ DevForge API Listening on port 5000","timestamp":"2026-04-07 20:39:26"}
{"label":"AUTH","level":"info","message":"⚡ DevForge API Listening on port 5000","timestamp":"2026-04-07 20:39:42"}
{"label":"AUTH","level":"info","message":"⚡ DevForge API Listening on port 5000","timestamp":"2026-04-07 20:47:11"}
{"label":"AUTH","level":"info","message":"⚡ DevForge API Listening on port 5000","timestamp":"2026-04-07 20:48:22"}
{"label":"AUTH","level":"info","message":"⚡ DevForge API Listening on port 5000","timestamp":"2026-04-07 20:48:35"}
{"label":"AUTH","level":"info","message":"⚡ DevForge API Listening on port 5000","timestamp":"2026-04-07 20:48:47"}
{"label":"AUTH","level":"info","message":"⚡ DevForge API Listening on port 5000","timestamp":"2026-04-07 20:49:16"}
{"label":"AUTH","level":"info","message":"⚡ DevForge API Listening on port 5000","timestamp":"2026-04-07 21:34:38"}
{"label":"AUTH","level":"info","message":"⚡ DevForge API Listening on port 5050","timestamp":"2026-04-07 21:35:51"}
{"label":"AUTH","level":"info","message":"GET /api/admin/health 404 27 - 11.720 ms","timestamp":"2026-04-07 21:41:29"}
{"label":"AUTH","level":"info","message":"GET /favicon.ico 404 27 - 0.655 ms","timestamp":"2026-04-07 21:41:29"}
{"label":"AUTH","level":"info","message":"GET /api/health 200 79 - 1.278 ms","timestamp":"2026-04-07 21:41:33"}
{"label":"AUTH","level":"info","message":"GET /api/admin/stats 404 27 - 0.968 ms","timestamp":"2026-04-07 21:41:39"}
{"label":"AUTH","level":"info","message":"GET /api/repos 401 51 - 1.212 ms","timestamp":"2026-04-07 21:41:44"}
{"label":"AUTH","level":"info","message":"⚡ DevForge API Listening on port 5050","timestamp":"2026-04-07 21:48:52"}
{"label":"AUTH","level":"info","message":"GET /api/health 200 79 - 15.659 ms","timestamp":"2026-04-07 21:52:57"}
{"label":"AUTH","level":"info","message":"GET /favicon.ico 404 27 - 1.063 ms","timestamp":"2026-04-07 21:52:57"}
{"label":"AUTH","level":"info","message":"GET /api/repos 401 51 - 1.350 ms","timestamp":"2026-04-07 21:53:45"}
{"label":"AUTH","level":"info","message":"GET /api/health 200 79 - 1.446 ms","timestamp":"2026-04-07 21:54:18"}
{"label":"AUTH","level":"info","message":"GET /admin 404 27 - 0.510 ms","timestamp":"2026-04-07 21:54:52"}
{"label":"AUTH","level":"info","message":"⚡ DevForge API Listening on port 5050","timestamp":"2026-04-07 22:12:42"}
{"label":"AUTH","level":"info","message":"⚡ DevForge API Listening on port 5050","timestamp":"2026-04-07 22:13:18"}
{"label":"AUTH","level":"info","message":"⚡ DevForge API Listening on port 5050","timestamp":"2026-04-07 22:13:26"}
{"label":"AUTH","level":"info","message":"⚡ DevForge API Listening on port 5050","timestamp":"2026-04-07 22:13:52"}
